[22:01:17] [main/INFO] (FabricLoader/GameProvider) Loading Minecraft 26.2 with Fabric Loader 0.19.5
[22:01:17] [main/INFO] (FabricLoader/Mappings) Mappings not present!
[22:01:17] [main/INFO] (FabricLoader) Loading 56 mods:
	- architectury 21.0.7
	- fabric-advancement-api-v1 1.0.0+58719a3b9e
	- fabric-api 0.161.0+26.2
	- fabric-api-base 2.0.4+ece063239e
	- fabric-api-lookup-api-v1 2.0.18+11e1c9a39e
	- fabric-biome-api-v1 18.0.6+c7bd5b8e9e
	- fabric-block-api-v1 3.1.0+53515aab9e
	- fabric-block-getter-api-v2 2.0.7+ec56b6019e
	- fabric-client-gametest-api-v1 6.0.2+0f4f1dca9e
	- fabric-command-api-v2 3.1.0+00cb03469e
	- fabric-content-registries-v0 11.3.2+37b1aa249e
	- fabric-convention-tags-v2 4.7.1+1f023a9e9e
	- fabric-crash-report-info-v1 1.0.5+086d547a9e
	- fabric-creative-tab-api-v1 5.0.15+6468574f9e
	- fabric-data-attachment-api-v1 2.2.19+515ac5339e
	- fabric-data-generation-api-v1 25.6.0+c0da0b829e
	- fabric-debug-api-v1 1.0.2+c792624d9e
	- fabric-dimensions-v1 5.1.12+515ac5339e
	- fabric-entity-events-v1 5.0.5+06488ac19e
	- fabric-events-interaction-v0 5.2.8+515ac5339e
	- fabric-game-rule-api-v1 4.0.8+46a6d00c9e
	- fabric-gametest-api-v1 4.0.22+4a7fa0819e
	- fabric-item-api-v1 14.5.0+c68f6cbe9e
	- fabric-key-mapping-api-v1 2.0.5+e2bdee789e
	- fabric-lifecycle-events-v1 4.1.4+29b6eb019e
	- fabric-loot-api-v3 3.0.17+06488ac19e
	- fabric-menu-api-v1 2.0.17+086d547a9e
	- fabric-message-api-v1 7.0.8+bb2ed3f79e
	- fabric-model-loading-api-v1 8.0.17+c80601bb9e
	- fabric-networking-api-v1 6.3.4+2989c6a09e
	- fabric-object-builder-api-v1 24.1.1+6fcd5f039e
	- fabric-particles-v1 5.0.19+d1756aa99e
	- fabric-permission-api-v1 1.0.5+e442d8d09e
	- fabric-recipe-api-v1 9.0.22+11e1c9a39e
	- fabric-registry-sync-v0 7.1.1+c7bd5b8e9e
	- fabric-renderer-api-v1 14.1.4+2b0d8a229e
	- fabric-renderer-indigo 9.1.4+2b0d8a229e
	- fabric-rendering-fluids-v1 6.0.4+06488ac19e
	- fabric-rendering-v1 25.3.3+515ac5339e
	- fabric-resource-conditions-api-v1 6.1.0+10e9a28b9e
	- fabric-resource-loader-v0 3.3.20+4fc5413f9e
	- fabric-resource-loader-v1 2.0.13+9edec1269e
	- fabric-screen-api-v1 5.2.1+5087f8249e
	- fabric-serialization-api-v1 2.0.4+11a26f319e
	- fabric-sound-api-v1 2.0.5+11a26f319e
	- fabric-tag-api-v1 2.1.4+515ac5339e
	- fabric-transfer-api-v1 8.0.13+11dbb7d79e
	- fabric-transitive-access-wideners-v1 8.1.4+67c847259e
	- fabricloader 0.19.5
	- generated_1ecf06b 1.0.0
	- java 25
	- jei 30.39.0.233
	- mezz_config 0.6.3
	- minecraft 26.2
	- mixinextras 0.5.5
	- sporenexus 1.0-26.2
[22:01:18] [main/INFO] (FabricLoader/Mixin) SpongePowered MIXIN Subsystem Version=0.8.7 Source=file:/C:/Users/jojob/.gradle/caches/modules-2/files-2.1/net.fabricmc/sponge-mixin/0.17.4+mixin.0.8.7/5f66cc9f59b8efaa942155a3d5a30599bf6640dd/sponge-mixin-0.17.4+mixin.0.8.7.jar Service=Knot/Fabric Env=CLIENT
[22:01:18] [main/WARN] (FabricLoader/Mixin) Error loading class: de/siphalor/amecs/key_modifiers/impl/AmecsKeyModifiersEarlyInit (java.lang.ClassNotFoundException: de/siphalor/amecs/key_modifiers/impl/AmecsKeyModifiersEarlyInit)
[22:01:18] [main/WARN] (FabricLoader/Mixin) @Mixin target de.siphalor.amecs.key_modifiers.impl.AmecsKeyModifiersEarlyInit was not found jei.mixins.json:AmecsKeyModifiersEarlyInitMixin from mod jei
[22:01:19] [main/INFO] (FabricLoader/MixinExtras|Service) Initializing MixinExtras via com.llamalad7.mixinextras.service.MixinExtrasServiceImpl(version=0.5.5).
[22:01:20] [Datafixer Bootstrap #0/INFO] (Minecraft) 295 Datafixer optimizations took 473 milliseconds
[22:01:26] [Render thread/INFO] (Minecraft) Environment: Environment[sessionHost=https://sessionserver.mojang.com, servicesHost=https://api.minecraftservices.com, profilesHost=https://api.mojang.com, name=PROD]
[22:01:26] [Render thread/INFO] (Minecraft) Setting user: Player73
[22:01:27] [Download-2/ERROR] (Minecraft) Failed to fetch user properties
com.mojang.authlib.exceptions.InvalidCredentialsException: Status: 401
	at knot//com.mojang.authlib.exceptions.MinecraftClientHttpException.toAuthenticationException(MinecraftClientHttpException.java:70)
	at knot//com.mojang.authlib.yggdrasil.YggdrasilUserApiService.fetchProperties(YggdrasilUserApiService.java:173)
	at knot//net.minecraft.client.Minecraft.lambda$new$1(Minecraft.java:438)
	at java.base/java.util.concurrent.CompletableFuture$AsyncSupply.run(CompletableFuture.java:1789)
	at java.base/java.util.concurrent.ThreadPoolExecutor.runWorker(ThreadPoolExecutor.java:1090)
	at java.base/java.util.concurrent.ThreadPoolExecutor$Worker.run(ThreadPoolExecutor.java:614)
	at java.base/java.lang.Thread.run(Thread.java:1474)
Caused by: MinecraftClientHttpException[type=HTTP_ERROR, status=401, response=ErrorResponse[path=/player/attributes, error=null, errorMessage=null, details=null]]
	at knot//com.mojang.authlib.minecraft.client.MinecraftClient.buildHttpException(MinecraftClient.java:170)
	at knot//com.mojang.authlib.minecraft.client.MinecraftClient.readServiceResponse(MinecraftClient.java:147)
	at knot//com.mojang.authlib.minecraft.client.MinecraftClient.getWithEtag(MinecraftClient.java:81)
	at knot//com.mojang.authlib.minecraft.client.MinecraftClient.get(MinecraftClient.java:65)
	at knot//com.mojang.authlib.yggdrasil.YggdrasilUserApiService.fetchProperties(YggdrasilUserApiService.java:123)
	... 5 more
[22:01:27] [Render thread/INFO] (ClientNetworkManagerImpl) Registering S2C receiver with id architectury:spawn_entity_packet
[22:01:27] [Render thread/INFO] (Indigo) [Indigo] Registering Indigo renderer!
[22:01:27] [Render thread/INFO] (PluginCaller) Sending ConfigManager...
[22:01:27] [Render thread/INFO] (PluginCaller) Sending ConfigManager took 912.6 microseconds
[22:01:27] [Render thread/INFO] (Minecraft) Backend library: LWJGL version 3.4.1-snapshot
[22:01:28] [Render thread/INFO] (Minecraft) Preferring discrete GPU: NVIDIA GeForce RTX 4060 Laptop GPU
[22:01:28] [Render thread/INFO] (Minecraft) Using graphics backend OpenGL, using drivers: 3.3.0 - Build 32.0.101.6790
[22:01:28] [Render thread/INFO] (Minecraft) Using graphics device: Intel(R) UHD Graphics (Intel)
[22:01:28] [Render thread/INFO] (Minecraft) Using graphics device extensions: GL_ARB_multi_draw_indirect, GL_ARB_buffer_storage, GL_ARB_shader_draw_parameters, GL_ARB_base_instance, GL_KHR_debug, GL_ARB_draw_indirect, GL_ARB_clip_control, GL_ARB_vertex_attrib_binding, GL_ARB_direct_state_access, GL_EXT_texture_filter_anisotropic
[22:01:28] [Download-2/INFO] (Minecraft) Could not authorize you against Realms server: java.lang.RuntimeException: Failed to parse into SignedJWT: FabricMC
[22:01:28] [Download-2/ERROR] (Minecraft) Failed to fetch Realms feature flags
com.mojang.realmsclient.exception.RealmsServiceException: Realms authentication error with message 'java.lang.RuntimeException: Failed to parse into SignedJWT: FabricMC'
	at knot//com.mojang.realmsclient.client.RealmsClient.execute(RealmsClient.java:528)
	at knot//com.mojang.realmsclient.client.RealmsClient.fetchFeatureFlags(RealmsClient.java:187)
	at java.base/java.util.concurrent.CompletableFuture$AsyncSupply.run(CompletableFuture.java:1789)
	at java.base/java.util.concurrent.ThreadPoolExecutor.runWorker(ThreadPoolExecutor.java:1090)
	at java.base/java.util.concurrent.ThreadPoolExecutor$Worker.run(ThreadPoolExecutor.java:614)
	at java.base/java.lang.Thread.run(Thread.java:1474)
[22:01:29] [Render thread/INFO] (Minecraft) Reloading ResourceManager: vanilla, fabric-advancement-api-v1, fabric-api, fabric-api-base, fabric-api-lookup-api-v1, fabric-biome-api-v1, fabric-block-api-v1, fabric-block-getter-api-v2, fabric-client-gametest-api-v1, fabric-command-api-v2, fabric-content-registries-v0, fabric-convention-tags-v2, fabric-crash-report-info-v1, fabric-creative-tab-api-v1, fabric-data-attachment-api-v1, fabric-data-generation-api-v1, fabric-debug-api-v1, fabric-dimensions-v1, fabric-entity-events-v1, fabric-events-interaction-v0, fabric-game-rule-api-v1, fabric-gametest-api-v1, fabric-item-api-v1, fabric-key-mapping-api-v1, fabric-lifecycle-events-v1, fabric-loot-api-v3, fabric-menu-api-v1, fabric-message-api-v1, fabric-model-loading-api-v1, fabric-networking-api-v1, fabric-object-builder-api-v1, fabric-particles-v1, fabric-permission-api-v1, fabric-recipe-api-v1, fabric-registry-sync-v0, fabric-renderer-api-v1, fabric-renderer-indigo, fabric-rendering-fluids-v1, fabric-rendering-v1, fabric-resource-conditions-api-v1, fabric-resource-loader-v0, fabric-resource-loader-v1, fabric-screen-api-v1, fabric-serialization-api-v1, fabric-sound-api-v1, fabric-tag-api-v1, fabric-transfer-api-v1, fabric-transitive-access-wideners-v1, fabricloader, generated_1ecf06b, jei, mezz_config
[22:01:29] [Worker-Main-16/INFO] (Minecraft) Found unifont_pua-17.0.01.hex, loading
[22:01:29] [Worker-Main-11/INFO] (Minecraft) Found unifont_all_no_pua-17.0.01.hex, loading
[22:01:29] [Worker-Main-18/INFO] (Minecraft) Found unifont_jp_patch-17.0.01.hex, loading
[22:01:30] [Render thread/INFO] (Minecraft) OpenAL initialized on device OpenAL Soft on Headphones (Realtek(R) Audio)
[22:01:30] [Render thread/INFO] (Minecraft) Sound engine started
[22:01:30] [Render thread/INFO] (Minecraft) Created: 512x256x0 minecraft:textures/atlas/particles.png-atlas
[22:01:30] [Render thread/INFO] (Minecraft) Created: 128x128x0 minecraft:textures/atlas/decorated_pot.png-atlas
[22:01:30] [Render thread/INFO] (Minecraft) Created: 2048x1024x0 minecraft:textures/atlas/armor_trims.png-atlas
[22:01:30] [Render thread/INFO] (Minecraft) Created: 512x256x0 minecraft:textures/atlas/paintings.png-atlas
[22:01:30] [Render thread/INFO] (Minecraft) Created: 1024x512x0 minecraft:textures/atlas/shield_patterns.png-atlas
[22:01:30] [Render thread/INFO] (Minecraft) Created: 2048x2048x4 minecraft:textures/atlas/blocks.png-atlas
[22:01:31] [Render thread/INFO] (Minecraft) Created: 512x512x0 minecraft:textures/atlas/chest.png-atlas
[22:01:31] [Render thread/INFO] (Minecraft) Created: 256x128x0 minecraft:textures/atlas/celestials.png-atlas
[22:01:31] [Render thread/INFO] (Minecraft) Created: 1024x512x0 minecraft:textures/atlas/banner_patterns.png-atlas
[22:01:31] [Render thread/INFO] (Minecraft) Created: 1024x512x0 minecraft:textures/atlas/items.png-atlas
[22:01:31] [Render thread/INFO] (Minecraft) Created: 1024x1024x0 minecraft:textures/atlas/gui.png-atlas
[22:01:31] [Render thread/INFO] (Minecraft) Created: 128x64x0 minecraft:textures/atlas/map_decorations.png-atlas
[22:01:31] [Render thread/INFO] (Minecraft) Created: 512x512x0 minecraft:textures/atlas/shulker_boxes.png-atlas
[22:01:32] [Download-2/INFO] (Minecraft) Could not authorize you against Realms server: java.lang.RuntimeException: Failed to parse into SignedJWT: FabricMC
[22:01:32] [Download-2/ERROR] (Minecraft) Couldn't connect to realms
com.mojang.realmsclient.exception.RealmsServiceException: Realms authentication error with message 'java.lang.RuntimeException: Failed to parse into SignedJWT: FabricMC'
	at knot//com.mojang.realmsclient.client.RealmsClient.execute(RealmsClient.java:528)
	at knot//com.mojang.realmsclient.client.RealmsClient.clientCompatible(RealmsClient.java:308)
	at knot//com.mojang.realmsclient.RealmsAvailability.lambda$check$0(RealmsAvailability.java:48)
	at java.base/java.util.concurrent.CompletableFuture$AsyncSupply.run(CompletableFuture.java:1789)
	at java.base/java.util.concurrent.ThreadPoolExecutor.runWorker(ThreadPoolExecutor.java:1090)
	at java.base/java.util.concurrent.ThreadPoolExecutor$Worker.run(ThreadPoolExecutor.java:614)
	at java.base/java.lang.Thread.run(Thread.java:1474)
[22:01:35] [Render thread/WARN] (Minecraft) Missing data pack generated_37815be
[22:01:35] [Render thread/INFO] (Minecraft) Found new data pack generated_1ecf06b, loading it automatically
[22:01:35] [Render thread/INFO] (Minecraft) Loaded 1608 recipes
[22:01:36] [Render thread/INFO] (Minecraft) Loaded 1703 advancements
[22:01:36] [Render thread/WARN] (Minecraft) Recipe sporenexus:conductive_ingot_from_mycelian_core can't be placed due to empty ingredients and will be ignored
[22:01:36] [Render thread/WARN] (Minecraft) Recipe sporenexus:fungal_essence_from_mycelian_core can't be placed due to empty ingredients and will be ignored
[22:01:36] [Render thread/WARN] (Minecraft) Recipe sporenexus:infernal_essence_from_mycelian_core can't be placed due to empty ingredients and will be ignored
[22:01:36] [Render thread/WARN] (Minecraft) Recipe sporenexus:iron_resource_mushroom_from_altar can't be placed due to empty ingredients and will be ignored
[22:01:36] [Render thread/WARN] (Minecraft) Recipe sporenexus:luminescent_fibers_from_mycelian_core can't be placed due to empty ingredients and will be ignored
[22:01:36] [Render thread/WARN] (Minecraft) Recipe sporenexus:mineral_fungus_from_mycelian_core can't be placed due to empty ingredients and will be ignored
[22:01:36] [Render thread/WARN] (Minecraft) Recipe sporenexus:mineral_quartz_from_mycelian_core can't be placed due to empty ingredients and will be ignored
[22:01:36] [Render thread/WARN] (Minecraft) Recipe sporenexus:quartz_resource_mushroom_from_altar can't be placed due to empty ingredients and will be ignored
[22:01:36] [Render thread/INFO] (BiomeModificationImpl) Applied 0 biome modifications to 0 of 66 new biomes in 1.753 ms
[22:01:36] [Server thread/INFO] (Minecraft) Starting integrated minecraft server version 26.2
[22:01:36] [Server thread/INFO] (Minecraft) Generating keypair
[22:01:36] [Server thread/INFO] (Minecraft) Loading 0 persistent chunks...
[22:01:36] [Server thread/INFO] (Minecraft) Preparing spawn area: 16%
[22:01:36] [Server thread/INFO] (Minecraft) Saving chunks for level 'ServerLevel[New World]'/minecraft:overworld
[22:01:36] [Server thread/INFO] (Minecraft) Saving chunks for level 'ServerLevel[New World]'/minecraft:the_nether
[22:01:36] [Server thread/INFO] (Minecraft) Saving chunks for level 'ServerLevel[New World]'/minecraft:the_end
[22:01:36] [Server thread/INFO] (Minecraft) ThreadedAnvilChunkStorage (world): All chunks are saved
[22:01:36] [Server thread/INFO] (Minecraft) ThreadedAnvilChunkStorage (DIM-1): All chunks are saved
[22:01:36] [Server thread/INFO] (Minecraft) ThreadedAnvilChunkStorage (DIM1): All chunks are saved
[22:01:36] [Server thread/INFO] (Minecraft) ThreadedAnvilChunkStorage: All dimensions are saved
[22:01:37] [Server thread/INFO] (Minecraft) Loading 49 chunks for player spawn...
[22:01:37] [Server thread/INFO] (Minecraft) Preparing spawn area: 16%
[22:01:37] [Server thread/INFO] (Minecraft) Preparing spawn area: 59%
[22:01:37] [Server thread/INFO] (Minecraft) Time elapsed: 1064 ms
[22:01:37] [Server thread/INFO] (Minecraft) Player73[local:E:09dd3101] logged in with entity id 91 at (7.060163650612574, 88.0, -2.683582182578063)
[22:01:37] [Server thread/INFO] (Minecraft) Player73 joined the game
[22:01:37] [Render thread/INFO] (LoggedTimer) Starting JEI...
[22:01:37] [Render thread/INFO] (PluginCaller) Configuring JEI...
[22:01:37] [Render thread/INFO] (PluginCaller) Configuring JEI took 3.036 milliseconds
[22:01:37] [Render thread/INFO] (PluginCaller) Registering item subtypes...
[22:01:37] [Render thread/INFO] (PluginCaller) Registering item subtypes took 1.706 milliseconds
[22:01:37] [Render thread/INFO] (PluginCaller) Registering fluid subtypes...
[22:01:37] [Render thread/INFO] (PluginCaller) Registering fluid subtypes took 248.6 microseconds
[22:01:37] [Render thread/INFO] (PluginCaller) Registering ingredients...
[22:01:38] [Server thread/INFO] (Minecraft) Changing view distance to 16, from 10
[22:01:38] [Server thread/INFO] (Minecraft) Changing simulation distance to 12, from 0
[22:01:38] [Render thread/INFO] (PluginCallerTimerRunnable) Registering ingredients: jei:minecraft took 81.57 milliseconds
[22:01:38] [Render thread/INFO] (PluginCaller) Registering ingredients took 82.17 milliseconds
[22:01:38] [Render thread/INFO] (PluginCaller) Registering extra ingredients...
[22:01:38] [Render thread/INFO] (PluginCaller) Registering extra ingredients took 282.1 microseconds
[22:01:38] [Render thread/INFO] (PluginCaller) Registering search ingredient aliases...
[22:01:38] [Render thread/INFO] (PluginCaller) Registering search ingredient aliases took 166.4 microseconds
[22:01:38] [Render thread/INFO] (PluginCaller) Registering slot display interpreters...
[22:01:38] [Render thread/INFO] (PluginCaller) Registering slot display interpreters took 4.381 milliseconds
[22:01:38] [Render thread/INFO] (PluginCaller) Registering Mod Info...
[22:01:38] [Render thread/INFO] (PluginCaller) Registering Mod Info took 371.6 microseconds
[22:01:38] [Download-2/ERROR] (Minecraft) Failed to retrieve profile key pair
MinecraftClientHttpException[type=HTTP_ERROR, status=401, response=ErrorResponse[path=/player/certificates, error=null, errorMessage=null, details=null]]
	at knot//com.mojang.authlib.minecraft.client.MinecraftClient.buildHttpException(MinecraftClient.java:170)
	at knot//com.mojang.authlib.minecraft.client.MinecraftClient.readServiceResponse(MinecraftClient.java:147)
	at knot//com.mojang.authlib.minecraft.client.MinecraftClient.post(MinecraftClient.java:89)
	at knot//com.mojang.authlib.yggdrasil.YggdrasilUserApiService.getKeyPair(YggdrasilUserApiService.java:62)
	at knot//net.minecraft.client.multiplayer.AccountProfileKeyPairManager.fetchProfileKeyPair(AccountProfileKeyPairManager.java:128)
	at knot//net.minecraft.client.multiplayer.AccountProfileKeyPairManager.lambda$readOrFetchProfileKeyPair$0(AccountProfileKeyPairManager.java:77)
	at java.base/java.util.concurrent.CompletableFuture$AsyncSupply.run(CompletableFuture.java:1789)
	at java.base/java.util.concurrent.ThreadPoolExecutor.runWorker(ThreadPoolExecutor.java:1090)
	at java.base/java.util.concurrent.ThreadPoolExecutor$Worker.run(ThreadPoolExecutor.java:614)
	at java.base/java.lang.Thread.run(Thread.java:1474)
[22:01:38] [Render thread/INFO] (PluginCaller) Registering advanced search...
[22:01:38] [Render thread/INFO] (PluginCaller) Registering advanced search took 269.9 microseconds
[22:01:38] [Render thread/INFO] (PluginCaller) Registering categories...
[22:01:38] [Render thread/INFO] (PluginCallerTimerRunnable) Registering categories: jei:minecraft took 13.18 milliseconds
[22:01:38] [Render thread/INFO] (PluginCaller) Registering categories took 21.98 milliseconds
[22:01:38] [Render thread/INFO] (PluginCaller) Registering vanilla category extensions...
[22:01:38] [Render thread/INFO] (PluginCaller) Registering vanilla category extensions took 8.135 milliseconds
[22:01:38] [Render thread/INFO] (PluginCaller) Registering recipe catalysts...
[22:01:38] [Render thread/INFO] (PluginCaller) Registering recipe catalysts took 2.785 milliseconds
[22:01:38] [Render thread/INFO] (LoggedTimer) Building recipe registry...
[22:01:38] [Render thread/INFO] (LoggedTimer) Building recipe registry took 10.64 milliseconds
[22:01:38] [Render thread/INFO] (PluginCaller) Registering advanced plugins...
[22:01:38] [Render thread/INFO] (AdvancedRegistration) Added typed recipe manager plugin: class mezz.jei.library.plugins.vanilla.crafting.FireworkStarRecipeManagerPlugin
[22:01:38] [Render thread/INFO] (PluginCallerTimerRunnable) Registering advanced plugins: jei:minecraft took 16.64 milliseconds
[22:01:38] [Render thread/INFO] (PluginCaller) Registering advanced plugins took 17.21 milliseconds
[22:01:38] [Render thread/INFO] (PluginCaller) Registering recipes...
[22:01:38] [Render thread/INFO] (PluginCallerTimerRunnable) Registering recipes: jei:minecraft took 477.2 milliseconds
[22:01:38] [Render thread/INFO] (PluginCallerTimerRunnable) Registering recipes: jei:internal took 91.41 milliseconds
[22:01:38] [Render thread/INFO] (PluginCaller) Registering recipes took 569.8 milliseconds
[22:01:38] [Render thread/INFO] (PluginCaller) Registering recipes transfer handlers...
[22:01:38] [Render thread/INFO] (PluginCaller) Registering recipes transfer handlers took 3.623 milliseconds
[22:01:38] [Render thread/INFO] (LoggedTimer) Building runtime...
[22:01:38] [Render thread/INFO] (PluginCaller) Registering gui handlers...
[22:01:38] [Render thread/INFO] (PluginCaller) Registering gui handlers took 6.315 milliseconds
[22:01:38] [Render thread/INFO] (PluginCaller) Registering Runtime...
[22:01:38] [Render thread/INFO] (JeiGuiStarter) Starting JEI GUI
[22:01:38] [Render thread/INFO] (LoggedTimer) Building ingredient list...
[22:01:38] [Render thread/INFO] (LoggedTimer) Building ingredient list took 28.20 milliseconds
[22:01:38] [Render thread/INFO] (LoggedTimer) Building ingredient filter...
[22:01:38] [Render thread/INFO] (IngredientFilter) Adding 1943 ingredients
[22:01:39] [Render thread/INFO] (IngredientFilter) Added 1943 ingredients
[22:01:39] [Render thread/INFO] (LoggedTimer) Building ingredient filter took 252.9 milliseconds
[22:01:39] [Render thread/INFO] (PluginCallerTimerRunnable) Registering Runtime: jei:fabric_gui took 454.0 milliseconds
[22:01:39] [Render thread/INFO] (PluginCaller) Registering Runtime took 454.7 milliseconds
[22:01:39] [Render thread/INFO] (LoggedTimer) Building runtime took 472.6 milliseconds
[22:01:39] [Render thread/INFO] (PluginCaller) Sending Runtime...
[22:01:39] [Render thread/INFO] (PluginCaller) Sending Runtime took 554.1 microseconds
[22:01:39] [Render thread/INFO] (LoggedTimer) Starting JEI took 1.267 seconds
[22:01:39] [Render thread/INFO] (Minecraft) Loaded 5 advancements
[22:01:39] [Render thread/INFO] (Minecraft) Resizing Dynamic Transforms UBO, capacity limit of 2 reached during a single frame. New capacity will be 4.
[22:01:39] [Render thread/INFO] (Minecraft) Resizing Dynamic Transforms UBO, capacity limit of 4 reached during a single frame. New capacity will be 8.
[22:01:39] [Render thread/INFO] (Minecraft) Resizing Dynamic Transforms UBO, capacity limit of 8 reached during a single frame. New capacity will be 16.
[22:01:39] [Render thread/INFO] (Minecraft) Resizing Chunk Sections UBO, capacity limit of 2 reached during a single frame. New capacity will be 4.
[22:01:40] [Render thread/INFO] (Minecraft) Resizing Chunk Sections UBO, capacity limit of 4 reached during a single frame. New capacity will be 16.
[22:01:40] [Render thread/INFO] (Minecraft) Resizing Chunk Sections UBO, capacity limit of 16 reached during a single frame. New capacity will be 32.
[22:01:40] [Render thread/INFO] (Minecraft) Resizing Chunk Sections UBO, capacity limit of 32 reached during a single frame. New capacity will be 64.
[22:01:40] [Render thread/INFO] (Minecraft) Resizing Chunk Sections UBO, capacity limit of 64 reached during a single frame. New capacity will be 128.
[22:01:40] [Render thread/INFO] (Minecraft) Resizing Chunk Sections UBO, capacity limit of 128 reached during a single frame. New capacity will be 256.
[22:01:41] [Render thread/INFO] (Minecraft) Resizing Chunk Sections UBO, capacity limit of 256 reached during a single frame. New capacity will be 512.
[22:01:43] [Render thread/INFO] (Minecraft) Resizing Chunk Sections UBO, capacity limit of 512 reached during a single frame. New capacity will be 1024.
[22:02:13] [Server thread/INFO] (Minecraft) Player73 has made the advancement [Acquire Hardware]
[22:02:13] [Render thread/INFO] (Minecraft) [System] [CHAT] Player73 has made the advancement [Acquire Hardware]
[22:02:13] [Render thread/INFO] (Minecraft) Loaded 41 advancements
[22:02:22] [Render thread/INFO] (Minecraft) Stopping!
[22:02:22] [Server thread/INFO] (Minecraft) Stopping server
[22:02:22] [Server thread/INFO] (Minecraft) Saving players
[22:02:22] [Server thread/INFO] (Minecraft) Player73 lost connection: Disconnected
[22:02:22] [Server thread/INFO] (Minecraft) Player73 left the game
[22:02:22] [Server thread/INFO] (Minecraft) Stopping singleplayer server as player logged out
[22:02:22] [Server thread/INFO] (Minecraft) Saving worlds
[22:02:23] [Server thread/INFO] (Minecraft) Saving chunks for level 'ServerLevel[New World]'/minecraft:overworld
[22:02:23] [Server thread/INFO] (Minecraft) Saving chunks for level 'ServerLevel[New World]'/minecraft:the_nether
[22:02:23] [Server thread/INFO] (Minecraft) Saving chunks for level 'ServerLevel[New World]'/minecraft:the_end
[22:02:23] [Server thread/INFO] (Minecraft) ThreadedAnvilChunkStorage (world): All chunks are saved
[22:02:23] [Server thread/INFO] (Minecraft) ThreadedAnvilChunkStorage (DIM-1): All chunks are saved
[22:02:23] [Server thread/INFO] (Minecraft) ThreadedAnvilChunkStorage (DIM1): All chunks are saved
[22:02:23] [Server thread/INFO] (Minecraft) ThreadedAnvilChunkStorage: All dimensions are saved
[22:02:23] [Render thread/INFO] (ClientLifecycleHandler) Stopping JEI
[22:02:23] [Render thread/INFO] (JeiStarter) Stopping JEI
[22:02:23] [Render thread/INFO] (PluginCaller) Sending Runtime Unavailable...
[22:02:23] [Render thread/INFO] (FabricGuiPlugin) Stopping JEI GUI
[22:02:23] [Render thread/INFO] (PluginCaller) Sending Runtime Unavailable took 346.1 microseconds
